[2026-07-12T08:03:30] COMPLETE TASK-UPT-001: elapsed=0s, decision=player_invocation_stall, snapshots=0
[2026-07-12T08:06:10] START TASK-UPT-001: Player invocation
[2026-07-12T08:06:10] START TASK-UPT-001: Player invocation
[2026-07-12T08:06:11] START TASK-UPT-001: Player invocation
[2026-07-12T08:06:11] COMPLETE TASK-UPT-001: elapsed=1s, decision=player_invocation_stall, snapshots=0
[2026-07-12T08:07:58] START TASK-UPT-001: Player invocation
[2026-07-12T08:08:58] SNAPSHOT TASK-UPT-001: elapsed=60s, phase=Player invocation, files_changed=0
[2026-07-12T08:09:58] SNAPSHOT TASK-UPT-001: elapsed=120s, phase=Player invocation, files_changed=0
[2026-07-12T08:10:58] SNAPSHOT TASK-UPT-001: elapsed=180s, phase=Player invocation, files_changed=0
[2026-07-12T08:11:58] SNAPSHOT TASK-UPT-001: elapsed=240s, phase=Player invocation, files_changed=0
[2026-07-12T08:12:58] SNAPSHOT TASK-UPT-001: elapsed=300s, phase=Player invocation, files_changed=0
[2026-07-12T08:13:29] START TASK-UPT-001: Coach invocation
[2026-07-12T08:14:29] SNAPSHOT TASK-UPT-001: elapsed=60s, phase=Coach invocation, files_changed=0
[2026-07-12T08:15:29] SNAPSHOT TASK-UPT-001: elapsed=120s, phase=Coach invocation, files_changed=0
[2026-07-12T08:15:38] START TASK-UPT-001: Player invocation
[2026-07-12T08:16:38] SNAPSHOT TASK-UPT-001: elapsed=60s, phase=Player invocation, files_changed=0
[2026-07-12T08:17:38] SNAPSHOT TASK-UPT-001: elapsed=120s, phase=Player invocation, files_changed=0
[2026-07-12T08:18:38] SNAPSHOT TASK-UPT-001: elapsed=180s, phase=Player invocation, files_changed=0
[2026-07-12T08:19:38] SNAPSHOT TASK-UPT-001: elapsed=240s, phase=Player invocation, files_changed=0
[2026-07-12T08:20:38] SNAPSHOT TASK-UPT-001: elapsed=300s, phase=Player invocation, files_changed=0
[2026-07-12T08:20:57] START TASK-UPT-001: Coach invocation
[2026-07-12T08:21:57] SNAPSHOT TASK-UPT-001: elapsed=60s, phase=Coach invocation, files_changed=0
[2026-07-12T08:22:57] SNAPSHOT TASK-UPT-001: elapsed=120s, phase=Coach invocation, files_changed=0
[2026-07-12T08:23:57] SNAPSHOT TASK-UPT-001: elapsed=180s, phase=Coach invocation, files_changed=0
[2026-07-12T08:24:09] START TASK-UPT-001: Player invocation
[2026-07-12T08:25:09] SNAPSHOT TASK-UPT-001: elapsed=60s, phase=Player invocation, files_changed=0
[2026-07-12T08:26:09] SNAPSHOT TASK-UPT-001: elapsed=120s, phase=Player invocation, files_changed=0
[2026-07-12T08:27:09] SNAPSHOT TASK-UPT-001: elapsed=180s, phase=Player invocation, files_changed=0
[2026-07-12T08:27:58] START TASK-UPT-001: Coach invocation
[2026-07-12T08:28:58] SNAPSHOT TASK-UPT-001: elapsed=60s, phase=Coach invocation, files_changed=0
[2026-07-12T08:29:58] SNAPSHOT TASK-UPT-001: elapsed=120s, phase=Coach invocation, files_changed=0
[2026-07-12T08:30:26] COMPLETE TASK-UPT-001: elapsed=1348s, decision=approved, snapshots=2
