[2026-07-12T15:01:21] COMPLETE TASK-STAT-001: elapsed=0s, decision=qa_precondition_blocked, snapshots=0
[2026-07-12T15:02:45] START TASK-STAT-001: task-work implementation
[2026-07-12T15:03:46] SNAPSHOT TASK-STAT-001: elapsed=60s, phase=task-work implementation, files_changed=0
[2026-07-12T15:04:46] SNAPSHOT TASK-STAT-001: elapsed=120s, phase=task-work implementation, files_changed=0
[2026-07-12T15:05:46] SNAPSHOT TASK-STAT-001: elapsed=180s, phase=task-work implementation, files_changed=0
[2026-07-12T15:06:46] SNAPSHOT TASK-STAT-001: elapsed=240s, phase=task-work implementation, files_changed=0
[2026-07-12T15:07:46] SNAPSHOT TASK-STAT-001: elapsed=300s, phase=task-work implementation, files_changed=0
[2026-07-12T15:08:46] SNAPSHOT TASK-STAT-001: elapsed=360s, phase=task-work implementation, files_changed=0
[2026-07-12T15:09:46] SNAPSHOT TASK-STAT-001: elapsed=420s, phase=task-work implementation, files_changed=0
[2026-07-12T15:10:46] SNAPSHOT TASK-STAT-001: elapsed=480s, phase=task-work implementation, files_changed=0
[2026-07-12T15:11:46] SNAPSHOT TASK-STAT-001: elapsed=540s, phase=task-work implementation, files_changed=0
[2026-07-12T15:12:08] START TASK-STAT-001: specialist:code-reviewer invocation
[2026-07-12T15:13:08] SNAPSHOT TASK-STAT-001: elapsed=60s, phase=specialist:code-reviewer invocation, files_changed=0
[2026-07-12T15:14:08] SNAPSHOT TASK-STAT-001: elapsed=120s, phase=specialist:code-reviewer invocation, files_changed=0
[2026-07-12T15:15:08] SNAPSHOT TASK-STAT-001: elapsed=180s, phase=specialist:code-reviewer invocation, files_changed=0
[2026-07-12T15:16:08] SNAPSHOT TASK-STAT-001: elapsed=240s, phase=specialist:code-reviewer invocation, files_changed=0
[2026-07-12T15:16:53] START TASK-STAT-001: Coach invocation
[2026-07-12T15:17:53] SNAPSHOT TASK-STAT-001: elapsed=60s, phase=Coach invocation, files_changed=0
[2026-07-12T15:18:53] SNAPSHOT TASK-STAT-001: elapsed=120s, phase=Coach invocation, files_changed=0
[2026-07-12T15:19:53] SNAPSHOT TASK-STAT-001: elapsed=180s, phase=Coach invocation, files_changed=0
[2026-07-12T15:20:53] SNAPSHOT TASK-STAT-001: elapsed=240s, phase=Coach invocation, files_changed=0
[2026-07-12T15:21:53] SNAPSHOT TASK-STAT-001: elapsed=300s, phase=Coach invocation, files_changed=0
[2026-07-12T15:22:53] SNAPSHOT TASK-STAT-001: elapsed=360s, phase=Coach invocation, files_changed=0
[2026-07-12T15:23:53] SNAPSHOT TASK-STAT-001: elapsed=420s, phase=Coach invocation, files_changed=0
[2026-07-12T15:24:53] SNAPSHOT TASK-STAT-001: elapsed=480s, phase=Coach invocation, files_changed=0
[2026-07-12T15:25:53] SNAPSHOT TASK-STAT-001: elapsed=540s, phase=Coach invocation, files_changed=0
[2026-07-12T15:26:09] START TASK-STAT-001: task-work implementation
[2026-07-12T15:27:09] SNAPSHOT TASK-STAT-001: elapsed=60s, phase=task-work implementation, files_changed=0
[2026-07-12T15:28:09] SNAPSHOT TASK-STAT-001: elapsed=120s, phase=task-work implementation, files_changed=0
[2026-07-12T15:29:09] SNAPSHOT TASK-STAT-001: elapsed=180s, phase=task-work implementation, files_changed=0
[2026-07-12T15:30:09] SNAPSHOT TASK-STAT-001: elapsed=240s, phase=task-work implementation, files_changed=0
[2026-07-12T15:31:09] SNAPSHOT TASK-STAT-001: elapsed=300s, phase=task-work implementation, files_changed=0
[2026-07-12T15:32:09] SNAPSHOT TASK-STAT-001: elapsed=360s, phase=task-work implementation, files_changed=0
[2026-07-12T15:33:09] SNAPSHOT TASK-STAT-001: elapsed=420s, phase=task-work implementation, files_changed=0
[2026-07-12T15:33:21] START TASK-STAT-001: specialist:code-reviewer invocation
[2026-07-12T15:34:21] SNAPSHOT TASK-STAT-001: elapsed=60s, phase=specialist:code-reviewer invocation, files_changed=0
[2026-07-12T15:35:21] SNAPSHOT TASK-STAT-001: elapsed=120s, phase=specialist:code-reviewer invocation, files_changed=0
[2026-07-12T15:36:21] SNAPSHOT TASK-STAT-001: elapsed=180s, phase=specialist:code-reviewer invocation, files_changed=0
[2026-07-12T15:37:21] SNAPSHOT TASK-STAT-001: elapsed=240s, phase=specialist:code-reviewer invocation, files_changed=0
[2026-07-12T15:37:25] START TASK-STAT-001: Coach invocation
[2026-07-12T15:37:28] COMPLETE TASK-STAT-001: elapsed=2082s, decision=error, snapshots=0
[2026-07-12T15:38:48] START TASK-STAT-001: task-work implementation
[2026-07-12T15:39:49] SNAPSHOT TASK-STAT-001: elapsed=60s, phase=task-work implementation, files_changed=0
[2026-07-12T15:40:49] SNAPSHOT TASK-STAT-001: elapsed=120s, phase=task-work implementation, files_changed=0
[2026-07-12T15:41:49] SNAPSHOT TASK-STAT-001: elapsed=180s, phase=task-work implementation, files_changed=0
[2026-07-12T15:42:49] SNAPSHOT TASK-STAT-001: elapsed=240s, phase=task-work implementation, files_changed=0
[2026-07-12T15:43:49] SNAPSHOT TASK-STAT-001: elapsed=300s, phase=task-work implementation, files_changed=0
[2026-07-12T15:44:49] SNAPSHOT TASK-STAT-001: elapsed=360s, phase=task-work implementation, files_changed=0
[2026-07-12T15:45:47] START TASK-STAT-001: specialist:code-reviewer invocation
[2026-07-12T15:46:47] SNAPSHOT TASK-STAT-001: elapsed=60s, phase=specialist:code-reviewer invocation, files_changed=0
[2026-07-12T15:47:47] SNAPSHOT TASK-STAT-001: elapsed=120s, phase=specialist:code-reviewer invocation, files_changed=0
[2026-07-12T15:48:32] START TASK-STAT-001: Coach invocation
[2026-07-12T15:49:32] SNAPSHOT TASK-STAT-001: elapsed=60s, phase=Coach invocation, files_changed=0
[2026-07-12T15:50:23] COMPLETE TASK-STAT-001: elapsed=695s, decision=approved, snapshots=1
